// Jest Snapshot v1, https://goo.gl/fbAQLP

exports[`Text snapshot 1`] = `
.c0 {
  content: "*";
  -webkit-box-flex: 1;
  -webkit-flex-grow: 1;
  -ms-flex-positive: 1;
  flex-grow: 1;
  outline: none;
  -webkit-transition: easy .2s;
  transition: easy .2s;
  cursor: pointer;
  pointer-events: none;
  opacity: .1;
  display: -webkit-box;
  display: -webkit-flex;
  display: -ms-flexbox;
  display: flex;
  visibility: hidden;
  z-index: 666;
  -webkit-align-self: flex-end;
  -ms-flex-item-align: end;
  align-self: flex-end;
}

<div
  className="c0"
  content="\\"*\\""
  cursor="pointer"
  display="flex"
  opacity=".1"
  pointerEvents="none"
  visibility="hidden"
/>
`;
